success
failure
edge count is 0
success
success
success
success
not connected
success
success
success
success
mst 11.30
success
not connected
