success
success
success
success
success
success
edge count is 5
mst 19.00
