success
success
success
success
degree of 0 is 2
degree of 1 is 2
degree of 2 is 2
edge count is 3
not connected
success
edge count is 0
not connected
success
success
success
success
degree of 0 is 5
degree of 1 is 5
degree of 2 is 4
edge count is 4
not connected
success
degree of 0 is 5
degree of 1 is 6
degree of 2 is 5
edge count is 5
mst 150.55
success
degree of 0 is 5
degree of 1 is 5
degree of 2 is 4
edge count is 4
not connected
success
degree of 0 is 6
degree of 1 is 5
degree of 2 is 5
edge count is 5
mst 150.55
success
edge count is 0
not connected
