success
invalid argument
success
success
edge count is 2
success
invalid argument
degree of 4 is 0
invalid argument
not connected
success
success
success
success
success
success
success
mst 5.00
