success
success
success
edge count is 0
success
success
success
success
success
mst 5.80
success
mst 5.30
success
mst 9.50
success
success
success
success
success
not connected
success
mst 4.10
