invalid argument
success
degree of 0 is 0
invalid argument
edge count is 0
mst 0.00
invalid argument
edge count is 0
invalid argument
edge count is 0
mst 0.00
success
edge count is 0
