success
success
success
success
edge count is 0
success
success
success
invalid argument
success
success
success
success
success
success
success
invalid argument
success
success
success
success
success
success
success
invalid argument
invalid argument
mst 12.00
invalid argument
edge count is 15
