success
success
success
success
success
success
edge count is 5
failure
success
success
edge count is 3
success
edge count is 0
