success
success
success
success
success
success
degree of 0 is 3
edge count is 5
mst 19.00
