success
edge count is 0
success
success
success
success
success
success
success
mst 12.00
success
success
success
success
success
success
mst 3.00
edge count is 6
success
