success
success
success
success
success
success
success
success
success
success
success
success
success
success
success
edge count is 14
mst 37.00
