success
success
success
success
success
success
success
success
success
success
success
success
success
success
success
edge count is 14
mst 14.00
