success
success
success
success
degree of 0 is 3
degree of 1 is 1
degree of 2 is 1
degree of 3 is 1
edge count is 3
mst 1503.00
success
success
success
success
success
success
success
success
success
degree of 0 is 3
degree of 1 is 3
degree of 2 is 3
degree of 3 is 3
edge count is 6
mst 1518.00
