success
success
success
success
success
success
edge count is 5
not connected
