success
success
invalid argument
invalid argument
success
success
degree of 0 is 1
edge count is 3
mst 29.00
