success
success
success
success
success
success
invalid argument
edge count is 5
mst 19.00
